
── DMS Golden Gate Oligo Pipeline (3-Enzyme Architecture) ──────────────────────
ℹ Config: configs/bench_akap11_dp.yaml

── Step 1: Loading configuration ──

ℹ Intergene elements: WPRE + spacer + bGH_polyA (845 nt total)
✔ Configuration loaded and validated. [0.1s]

── Step 2: Reading gene ──

✔ Gene 'AKAP11': 5706 nt, 1902 codons, 1901 aa [2s]

── Step 3: Loading codon usage table ──

✔ Codon usage table loaded: built-in CoCoPUTs (Homo sapiens, GRCh38.p13) [0s]

── Step 4: Scanning for enzyme sites (BsaI, BsmBI, PaqCI) ──

! Found 5 enzyme site(s) in gene that need domestication.
→ Applying domestication (with iterative BsaI/BsmBI resolution)...
ℹ Domesticated: BsaI site at nt 5603-5608 | codon 1868: GGA -> GGC (G, freq: 17.17 -> 19.75)
ℹ Domesticated: BsaI site at nt 4693-4698 | codon 1565: GAG -> GAA (E, freq: 39.42 -> 33.87)
ℹ Domesticated: BsaI site at nt 4350-4355 | codon 1450: GAG -> GAA (E, freq: 39.42 -> 33.87)
ℹ Domesticated: PaqCI site at nt 3398-3404 | codon 1133: GCA -> GCC (A, freq: 17.05 -> 25.66)
ℹ Domesticated: BsaI site at nt 499-504 | codon 167: GAG -> GAA (E, freq: 39.42 -> 33.87)
✔ Gene domesticated for all 3 enzymes.
ℹ Step 4 completed. [0.4s]

── Step 5: Designing mutations ──

✔ Designed 39900 variants across 1900 mutable positions (codons 2-1901; skipped codon 1=Met and codon 1902=stop). [36100 missense + 1900 nonsense + 1900 WT controls]
ℹ Fixed 222 variant(s) that would have created enzyme sites.
There were 50 or more warnings (use warnings() to see the first 50)
✔ 39900 variants designed. [239.6s]

── Step 6: Planning assembly (boundary_method=dp) ──

ℹ Max mutable region: 234 nt (78 codons) | Fixed overhead: 64 nt

── Phase 1: Selecting fixed overhangs (oh_L, oh3, oh4) 
ℹ Derived oh3=CACC from PolIII promoter 3' end (fidelity=0.417)
✔ Fixed overhangs: oh3=CACC (non-HF), oh4=AGAA (non-HF)

── Phase 2: Searching tile boundaries 
ℹ Using DP optimizer
ℹ Precomputing boundary scores for 1901 candidate positions...
✔ Boundary scores precomputed in 3.5s.
ℹ DP boundary search: 1902 codons, 1532 valid candidate positions, K range [25, 30]
ℹ DP tile boundary search completed in 0.5s (6 K values).
ℹ Multi-K: K=25 score=27.8, K=26 score=31.7, K=27 score=33.9, K=28 score=35.9, K=29 score=37.6, K=30 score=39.3 | best K=30
✔ DP boundary search: 31 tiles, 30 boundaries (both_HF=1, one_HF=7, neither=22)

── Phase 3: Superblock partitioning (constrained SB DP) 
ℹ Precomputing SB boundary scores for 6796 positions...
ℹ 781 valid SB boundary candidates out of 6796 positions.
ℹ SB boundary DP: 6796 bp, K range [3, 5]
ℹ SB boundary DP completed in 0.3s (3 K values).
ℹ SB multi-K: K=3 score=1.621, K=4 score=2.853, K=5 score=3.674 | best K=5
✔ SB boundary search: 6 superblocks, 5 boundaries, total score = 3.6744
ℹ SB collision: blacklisting gene: AAAT, GAAA, ATTT, AAGT. Re-running constrained SB DP...
ℹ SB collision avoidance iteration 2 (extra blacklist: AAAT, GAAA, ATTT, AAGT)
ℹ Precomputing SB boundary scores for 6796 positions...
ℹ 773 valid SB boundary candidates out of 6796 positions.
ℹ SB boundary DP: 6796 bp, K range [3, 5]
ℹ SB boundary DP completed in 0.2s (3 K values).
ℹ SB multi-K: K=3 score=1.621, K=4 score=2.607, K=5 score=3.301 | best K=5
✔ SB boundary search: 6 superblocks, 5 boundaries, total score = 3.3013
ℹ SB DP placed 2 cassette boundary(ies) at positions 117, 497 (overhangs: TTCC, TTCC)
ℹ SB collision: blacklisting gene: TTCA, AGGA cassette: TTCC. Re-running constrained SB DP...
ℹ SB collision avoidance iteration 3 (extra blacklist: AAAT, GAAA, ATTT, AAGT, TTCA, AGGA)
ℹ Precomputing SB boundary scores for 6796 positions...
ℹ 751 valid SB boundary candidates out of 6796 positions.
ℹ SB boundary DP: 6796 bp, K range [3, 5]
ℹ SB boundary DP completed in 0.2s (3 K values).
ℹ SB multi-K: K=4 score=2.412, K=5 score=3.056 | best K=5
✔ SB boundary search: 6 superblocks, 5 boundaries, total score = 3.0563
ℹ SB collision: blacklisting gene: CAAA. Re-running constrained SB DP...
ℹ SB collision avoidance iteration 4 (extra blacklist: AAAT, GAAA, ATTT, AAGT, TTCA, AGGA, CAAA)
ℹ Precomputing SB boundary scores for 6796 positions...
ℹ 749 valid SB boundary candidates out of 6796 positions.
ℹ SB boundary DP: 6796 bp, K range [3, 5]
ℹ SB boundary DP completed in 0.2s (3 K values).
ℹ SB multi-K: K=4 score=2.412, K=5 score=3.055 | best K=5
✔ SB boundary search: 6 superblocks, 5 boundaries, total score = 3.0552
✔ SB collision resolved after 4 iteration(s).
ℹ dp SB: 6 superblocks, 5 boundary(ies). 1 junction(s) in HF set. 145 per-tile split entries. 0 unresolved collision(s).

── Phase 4: Validating per-reaction overhang fidelity 
✔ All 62 reactions above set fidelity threshold. Min: 0.8583
! 42 variant(s) at gene edges have partial oh1/oh2 overlap. These mutations may not fully assemble as intended.
! Skipped 42 gene-edge variant(s) with partial oh1/oh2 overlap
✔ Assembly planned: 31 tiles, 1/30 boundaries both in HF set [7.4s]

── Step 7: Designing barcodes ──

ℹ Barcode mode: unified hierarchical, barcode_length=20, prefix_length=12
ℹ Junction context for barcode filtering: left='CACACC', right='AGAATG'
ℹ Unified hierarchical mode: generating barcodes (length=20, prefix=12, suffix=8, min_hamming=3, need 39858 variants x 10 barcodes = 398580)
→ Generating 39858 unique prefixes (hard Hamming >= 3)...
ℹ Building GF(4) Hamming code: Ham_4(3) = [21, 18, 3]_4, shortened to [12, 9, >=3]_4
ℹ Code capacity: 4^9 = 262,144 codewords
→ Enumerating all 262,144 codewords...
✔ Generated 262,144 prefix codewords (d >= 3 guaranteed by algebraic construction)
ℹ Removed 4237 prefixes with enzyme sites at junction boundaries.
✔ GF(4) linear code: 244106 prefixes after filtering (need 39858)
ℹ Generated 39858 unique prefixes (method=linear).
→ Generating barcodes (random suffixes per prefix)...
ℹ Batch suffix generation: 39858 variants x 500 candidates = 19,929,000 total
✔ Barcode generation: 398580 barcodes for 39858 variants in 306.9s.
✔ Skipping prefix distance validation (d >= 3 guaranteed by linear construction).
✔ Generated 398580 barcodes (mode=unified hierarchical, length=20, prefix_method=linear)
→ Computing per-barcode nearest-neighbor Hamming distances...
ℹ Using prefix-group optimization for NN computation (398580 barcodes, prefix_length=12)
✔ Nearest-neighbor distances: min=1, median=3, max=3
ℹ Step 7 completed. [315.5s]

── Step 8: Assembling oligos (universal 3-enzyme structure) ──

✔ All 398580 oligos within length limit. Range: 167-290 nt.
✔ 398580 oligos assembled. [1.3s]

── Step 9: Designing gene blocks and helper plasmid ──

ℹ Deduplicated blocks: 198 -> 66 (132 duplicates removed)
✔ Helper plasmid insert designed: oh_L=ATGG, oh_R=AGAA (72 nt)
✔ All 66 gene blocks within synthesis limit. Range: 117-1736 nt.
✔ 66 gene blocks designed. [0.6s]
ℹ Recomputing reaction fidelity from actual block overhangs...
✔ Reaction fidelity recomputed. Min: 0.8583

── Step 10: Running QC checks ──

✖ 2 QC check(s) failed:
!   FAIL: Tile boundary overhangs have adequate fidelity | 23 tile(s) with low-fidelity boundary overhangs (<0.80)
!   FAIL: All gene blocks above synthesis minimum length | 3 block(s) below 300 nt minimum. Range: 117-1736 nt
ℹ [PASS] All oligos within synthesis length limit — Range: 167-290 nt (limit: 300)
ℹ [PASS] All gene blocks within synthesis length limit — Range: 117-1736 nt (limit: 1800)
ℹ [PASS] No enzyme sites at barcode-context junctions — 0 barcode(s) with junction enzyme sites (left='CACACC', right='AGAATG')
ℹ [PASS] All barcodes are unique — 398580 unique / 398580 total
ℹ [PASS] Tiles cover entire gene without gaps — 5706 / 5706 nt covered
ℹ [PASS] Expected number of variants generated — 39858 unique variants (expected: 39858 across 1898/1900 mutable positions; 36062 missense + 1898 nonsense + 1898 wt_control; 2 position(s) skipped)
ℹ [PASS] Each non-control variant differs by exactly one codon from WT — 379600 / 379600 variants confirmed (WT controls excluded)
ℹ [PASS] Oligo GC content within reasonable range (25-75%) — GC range: 32.1-52.4% | 0 oligo(s) with extreme GC
ℹ [PASS] Gene domesticated for all 3 enzymes (BsaI, BsmBI, PaqCI) — No enzyme sites in gene
ℹ [FAIL] Tile boundary overhangs have adequate fidelity — 23 tile(s) with low-fidelity boundary overhangs (<0.80)
ℹ [PASS] Per-tile assembly manifests complete — 31 tile manifest(s) generated
ℹ [PASS] Helper plasmid free of unintended BsmBI sites — OK
ℹ [PASS] Per-reaction set-level overhang fidelity — Min set fidelity: 0.8583 across 62 reactions | 4 reaction(s) below 0.90
ℹ [PASS] No barcodes contain PolIII terminator signal (TTTT) — 0 / 398580 barcode(s) contain TTTT
ℹ [FAIL] All gene blocks above synthesis minimum length — 3 block(s) below 300 nt minimum. Range: 117-1736 nt
ℹ [PASS] Superblock boundary overhangs are unique (no collisions) — 5 SB boundary OH(s), all unique
✔ QC: ISSUES FOUND [51.6s]

── Step 10b: In-silico GG assembly simulation ──

✔ Assembly simulation: 31/31 tiles passed. [0.8s]

── Step 11: Writing outputs ──

✔ Wrote oligo pool: benchmarks/260310_full_pipeline/akap11_dp/AKAP11_oligo_pool.csv (398580 oligos)
✔ Wrote gene block order: benchmarks/260310_full_pipeline/akap11_dp/AKAP11_geneblock_order.csv (66 blocks)
✔ Wrote variant-barcode map: benchmarks/260310_full_pipeline/akap11_dp/AKAP11_variant_barcode_map.csv (398580 variants)
✔ Wrote tile manifests: benchmarks/260310_full_pipeline/akap11_dp/AKAP11_tile_manifests.csv
✔ Wrote helper plasmid: benchmarks/260310_full_pipeline/akap11_dp/AKAP11_helper_plasmid.csv
✔ Wrote QC report: benchmarks/260310_full_pipeline/akap11_dp/AKAP11_qc_report.csv
✔ Wrote oligo FASTA: benchmarks/260310_full_pipeline/akap11_dp/AKAP11_oligo_pool.fasta
✔ Wrote gene block FASTA: benchmarks/260310_full_pipeline/akap11_dp/AKAP11_geneblock_order.fasta
✔ Wrote sequences FASTA: benchmarks/260310_full_pipeline/akap11_dp/AKAP11_sequences.fasta
✔ Wrote skipped variants: benchmarks/260310_full_pipeline/akap11_dp/AKAP11_skipped_variants.csv (42 variants)
✔ Outputs written. [17.1s]

── Step 12: Generating wetlab assembly report ──

✔ Wrote wetlab assembly report: benchmarks/260310_full_pipeline/akap11_dp/AKAP11_assembly_report.md
✔ Report generated. [4.5s]

── Pipeline Complete ───────────────────────────────────────────────────────────
✔ Gene: AKAP11
✔ Architecture: 3-enzyme (BsaI + BsmBI + PaqCI)
✔ Variants: 39858 (unique mutations), 42 skipped (gene-edge overlap)
✔ Oligos: 398580 (10 barcodes/variant)
✔ Gene blocks: 66
✔ Tiles: 31
✔ Fixed overhangs: oh3=CACC, oh4=AGAA
✔ Intergene elements: WPRE + spacer + bGH_polyA (845 nt)
✔ Downstream cassette: 1095 nt (intergene + PolIII)
✔ Barcodes: mode=unified hierarchical, length=20, prefix=12, effective_hamming=3
✔ QC: ISSUES FOUND
✔ Wetlab report: benchmarks/260310_full_pipeline/akap11_dp/AKAP11_assembly_report.md
✔ Output directory: benchmarks/260310_full_pipeline/akap11_dp

── Timing Breakdown ──

ℹ 1_config             0.1s
ℹ 2_gene_input         2s
ℹ 3_codon_usage        0s
ℹ 4_enzyme_scan        0.4s
ℹ 5_mutations          239.6s
ℹ 6_assembly_plan      7.4s
ℹ 7_barcodes           315.5s
ℹ 8_oligo_assembly     1.3s
ℹ 9_geneblocks         0.6s
ℹ 10_qc                51.6s
ℹ 10b_simulation       0.8s
ℹ 11_output            17.1s
ℹ 12_report            4.5s
✔ Total pipeline time: 641.5s
