
── DMS Golden Gate Oligo Pipeline (3-Enzyme Architecture) ──────────────────────
ℹ Config: configs/bench_trio_oogga.yaml

── Step 1: Loading configuration ──

ℹ Intergene elements: WPRE + spacer + bGH_polyA (845 nt total)
✔ Configuration loaded and validated. [0.1s]

── Step 2: Reading gene ──

✔ Gene 'TRIO': 9294 nt, 3098 codons, 3097 aa [2.1s]

── Step 3: Loading codon usage table ──

✔ Codon usage table loaded: built-in CoCoPUTs (Homo sapiens, GRCh38.p13) [0s]

── Step 4: Scanning for enzyme sites (BsaI, BsmBI, PaqCI) ──

! Found 20 enzyme site(s) in gene that need domestication.
→ Applying domestication (with iterative BsaI/BsmBI resolution)...
ℹ Domesticated: BsaI site at nt 8995-9000 | codon 2999: GAG -> GAA (E, freq: 39.42 -> 33.87)
ℹ Domesticated: BsaI site at nt 8578-8583 | codon 2860: GAG -> GAA (E, freq: 39.42 -> 33.87)
ℹ Domesticated: BsaI site at nt 8098-8103 | codon 2700: GAG -> GAA (E, freq: 39.42 -> 33.87)
ℹ Domesticated: BsaI site at nt 7056-7061 | codon 2352: CTG -> CTT (L, freq: 36.06 -> 14.16)
ℹ Domesticated: BsaI site at nt 6739-6744 | codon 2247: GAG -> GAA (E, freq: 39.42 -> 33.87)
ℹ Domesticated: BsmBI site at nt 5482-5487 | codon 1828: GAG -> GAA (E, freq: 39.42 -> 33.87)
ℹ Domesticated: BsmBI site at nt 5214-5219 | codon 1738: TCC -> TCT (S, freq: 17.29 -> 16.92)
ℹ Domesticated: BsmBI site at nt 4931-4936 | codon 1644: ACG -> ACC (T, freq: 5.6 -> 17.76)
ℹ Domesticated: BsmBI site at nt 4886-4891 | codon 1629: GGA -> GGC (G, freq: 17.17 -> 19.75)
ℹ Domesticated: BsaI site at nt 4649-4654 | codon 1550: GGA -> GGC (G, freq: 17.17 -> 19.75)
ℹ Domesticated: BsaI site at nt 3926-3931 | codon 1309: AGA -> AGG (R, freq: 13.4 -> 12.19)
ℹ Domesticated: BsmBI site at nt 3393-3398 | codon 1131: AAG -> AAA (K, freq: 31.79 -> 27.77)
ℹ Domesticated: BsmBI site at nt 3154-3159 | codon 1052: GAG -> GAA (E, freq: 39.42 -> 33.87)
ℹ Domesticated: BsmBI site at nt 2978-2983 | codon 993: GCG -> GCC (A, freq: 5.96 -> 25.66)
ℹ Domesticated: PaqCI site at nt 2895-2901 | codon 965: CTG -> CTC (L, freq: 36.06 -> 17.82)
ℹ Domesticated: PaqCI site at nt 2731-2737 | codon 911: CAC -> CAT (H, freq: 14.63 -> 11.91)
ℹ Domesticated: BsmBI site at nt 2272-2277 | codon 758: GAG -> GAA (E, freq: 39.42 -> 33.87)
ℹ Domesticated: PaqCI site at nt 2163-2169 | codon 721: CTG -> CTC (L, freq: 36.06 -> 17.82)
ℹ Domesticated: PaqCI site at nt 1728-1734 | codon 576: CAG -> CAA (Q, freq: 35.3 -> 14.18)
ℹ Domesticated: BsaI site at nt 549-554 | codon 184: GTC -> GTG (V, freq: 13.44 -> 25.76)
✔ Gene domesticated for all 3 enzymes.
ℹ Step 4 completed. [0.7s]

── Step 5: Designing mutations ──

✔ Designed 65016 variants across 3096 mutable positions (codons 2-3097; skipped codon 1=Met and codon 3098=stop). [58824 missense + 3096 nonsense + 3096 WT controls]
ℹ Fixed 714 variant(s) that would have created enzyme sites.
There were 50 or more warnings (use warnings() to see the first 50)
✔ 65016 variants designed. [430.1s]

── Step 6: Planning assembly (boundary_method=oogga_two_pass) ──

ℹ Max mutable region: 234 nt (78 codons) | Fixed overhead: 64 nt

── Phase 1: Selecting fixed overhangs (oh_L, oh3, oh4) 
ℹ Derived oh3=CACC from PolIII promoter 3' end (fidelity=0.417)
✔ Fixed overhangs: oh3=CACC (non-HF), oh4=AGAA (non-HF)

── Phase 2+3: OOGGA collision-aware boundary selection (oogga_two_pass) 
ℹ Pass 1: SB boundary search (OOGGA DP)
ℹ OOGGA SB DP: 3718 valid candidates, max_identity=2
ℹ OOGGA SB DP: K range [5, 7]
ℹ OOGGA SB DP completed in 38s.
✔ OOGGA SB DP: 7 superblocks, 6 collision-free boundary(ies). Score: 0.076
ℹ Pass 2: Per-segment tile search (OOGGA DP)
ℹ Per-segment tile search: 6 gene segment(s), 6 SB junction OH(s) added to alien set
ℹ   Segment 1/6: nt 1-1767 (589 codons)
ℹ Precomputing boundary scores for 588 candidate positions...
✔ Boundary scores precomputed in 0s.
ℹ OOGGA tile DP: 589 codons, K range [2, 12], max_identity=2
ℹ OOGGA tile DP completed in 11.5s.
! OOGGA tile DP infeasible at max_identity=2. Retrying with max_identity=3.
ℹ OOGGA tile DP succeeded at max_identity=3.
✔ OOGGA tile DP: 11 tiles, 10 collision-free boundaries. Total score: 0
ℹ   Segment 2/6: nt 1768-3540 (591 codons)
ℹ Precomputing boundary scores for 590 candidate positions...
✔ Boundary scores precomputed in 0s.
ℹ OOGGA tile DP: 591 codons, K range [2, 12], max_identity=2
ℹ OOGGA tile DP completed in 11.4s.
! OOGGA tile DP infeasible at max_identity=2. Retrying with max_identity=3.
ℹ OOGGA tile DP succeeded at max_identity=3.
✔ OOGGA tile DP: 11 tiles, 10 collision-free boundaries. Total score: 0
ℹ   Segment 3/6: nt 3541-5238 (566 codons)
ℹ Precomputing boundary scores for 565 candidate positions...
✔ Boundary scores precomputed in 0s.
ℹ OOGGA tile DP: 566 codons, K range [2, 12], max_identity=2
ℹ OOGGA tile DP completed in 9.5s.
! OOGGA tile DP infeasible at max_identity=2. Retrying with max_identity=3.
ℹ OOGGA tile DP succeeded at max_identity=3.
✔ OOGGA tile DP: 10 tiles, 9 collision-free boundaries. Total score: 0
ℹ   Segment 4/6: nt 5239-6645 (469 codons)
ℹ Precomputing boundary scores for 468 candidate positions...
✔ Boundary scores precomputed in 0s.
ℹ OOGGA tile DP: 469 codons, K range [1, 11], max_identity=2
ℹ OOGGA tile DP completed in 6.5s.
! OOGGA tile DP infeasible at max_identity=2. Retrying with max_identity=3.
ℹ OOGGA tile DP succeeded at max_identity=3.
✔ OOGGA tile DP: 9 tiles, 8 collision-free boundaries. Total score: 0
ℹ   Segment 5/6: nt 6646-8418 (591 codons)
ℹ Precomputing boundary scores for 590 candidate positions...
✔ Boundary scores precomputed in 0s.
ℹ OOGGA tile DP: 591 codons, K range [2, 12], max_identity=2
ℹ OOGGA tile DP completed in 6.7s.
! OOGGA tile DP infeasible at max_identity=2. Retrying with max_identity=3.
ℹ OOGGA tile DP succeeded at max_identity=3.
✔ OOGGA tile DP: 11 tiles, 10 collision-free boundaries. Total score: 0
ℹ   Segment 6/6: nt 8419-9294 (292 codons)
ℹ Precomputing boundary scores for 291 candidate positions...
✔ Boundary scores precomputed in 0s.
ℹ OOGGA tile DP: 292 codons, K range [1, 8], max_identity=2
ℹ OOGGA tile DP completed in 3.1s.
✔ OOGGA tile DP: 4 tiles, 3 collision-free boundaries. Total score: 0.001
✔ Per-segment tile search: 56 tiles across 6 segment(s)
ℹ SB DP placed 1 cassette boundary(ies) at positions 714 (overhangs: AATA)
ℹ oogga_two_pass SB: 6 superblocks, 5 boundary(ies). 0 junction(s) in HF set. 275 per-tile split entries. 0 unresolved collision(s).

── Phase 4: Validating per-reaction overhang fidelity 
! 2 reaction(s) below set fidelity warning threshold (0.8). Min: 0.7581
! 4662 variant(s) at gene edges have partial oh1/oh2 overlap. These mutations may not fully assemble as intended.
! Skipped 4662 gene-edge variant(s) with partial oh1/oh2 overlap
✔ Assembly planned: 56 tiles, 1/55 boundaries both in HF set [154.5s]

── Step 7: Designing barcodes ──

ℹ Barcode mode: unified hierarchical, barcode_length=20, prefix_length=12
ℹ Junction context for barcode filtering: left='CACACC', right='AGAATG'
ℹ Unified hierarchical mode: generating barcodes (length=20, prefix=12, suffix=8, min_hamming=3, need 60354 variants x 10 barcodes = 603540)
→ Generating 60354 unique prefixes (hard Hamming >= 3)...
ℹ Building GF(4) Hamming code: Ham_4(3) = [21, 18, 3]_4, shortened to [12, 9, >=3]_4
ℹ Code capacity: 4^9 = 262,144 codewords
→ Enumerating all 262,144 codewords...
✔ Generated 262,144 prefix codewords (d >= 3 guaranteed by algebraic construction)
ℹ Removed 4237 prefixes with enzyme sites at junction boundaries.
✔ GF(4) linear code: 244106 prefixes after filtering (need 60354)
ℹ Generated 60354 unique prefixes (method=linear).
→ Generating barcodes (random suffixes per prefix)...
ℹ Batch suffix generation: 60354 variants x 500 candidates = 30,177,000 total
✔ Barcode generation: 603540 barcodes for 60354 variants in 300.8s.
✔ Skipping prefix distance validation (d >= 3 guaranteed by linear construction).
✔ Generated 603540 barcodes (mode=unified hierarchical, length=20, prefix_method=linear)
→ Computing per-barcode nearest-neighbor Hamming distances...
ℹ Using prefix-group optimization for NN computation (603540 barcodes, prefix_length=12)
✔ Nearest-neighbor distances: min=1, median=3, max=3
ℹ Step 7 completed. [311.9s]

── Step 8: Assembling oligos (universal 3-enzyme structure) ──

✔ All 603540 oligos within length limit. Range: 137-290 nt.
✔ 603540 oligos assembled. [2s]

── Step 9: Designing gene blocks and helper plasmid ──

ℹ Tile 1: using 1 pre-computed SB DP cassette split(s).
ℹ Tile 2: using 1 pre-computed SB DP cassette split(s).
ℹ Tile 3: using 1 pre-computed SB DP cassette split(s).
ℹ Tile 4: using 1 pre-computed SB DP cassette split(s).
ℹ Tile 5: using 1 pre-computed SB DP cassette split(s).
ℹ Tile 6: using 1 pre-computed SB DP cassette split(s).
ℹ Tile 7: using 1 pre-computed SB DP cassette split(s).
ℹ Tile 8: using 1 pre-computed SB DP cassette split(s).
ℹ Tile 9: using 1 pre-computed SB DP cassette split(s).
ℹ Tile 10: using 1 pre-computed SB DP cassette split(s).
ℹ Tile 11: using 1 pre-computed SB DP cassette split(s).
ℹ Tile 12: using 1 pre-computed SB DP cassette split(s).
ℹ Tile 13: using 1 pre-computed SB DP cassette split(s).
ℹ Tile 14: using 1 pre-computed SB DP cassette split(s).
ℹ Tile 15: using 1 pre-computed SB DP cassette split(s).
ℹ Tile 16: using 1 pre-computed SB DP cassette split(s).
ℹ Tile 17: using 1 pre-computed SB DP cassette split(s).
ℹ Tile 18: using 1 pre-computed SB DP cassette split(s).
ℹ Tile 19: using 1 pre-computed SB DP cassette split(s).
ℹ Tile 20: using 1 pre-computed SB DP cassette split(s).
ℹ Tile 21: using 1 pre-computed SB DP cassette split(s).
ℹ Tile 22: using 1 pre-computed SB DP cassette split(s).
ℹ Tile 23: using 1 pre-computed SB DP cassette split(s).
ℹ Tile 24: using 1 pre-computed SB DP cassette split(s).
ℹ Tile 25: using 1 pre-computed SB DP cassette split(s).
ℹ Tile 26: using 1 pre-computed SB DP cassette split(s).
ℹ Tile 27: using 1 pre-computed SB DP cassette split(s).
ℹ Tile 28: using 1 pre-computed SB DP cassette split(s).
ℹ Tile 29: using 1 pre-computed SB DP cassette split(s).
ℹ Tile 30: using 1 pre-computed SB DP cassette split(s).
ℹ Tile 31: using 1 pre-computed SB DP cassette split(s).
ℹ Tile 32: using 1 pre-computed SB DP cassette split(s).
ℹ Tile 33: using 1 pre-computed SB DP cassette split(s).
ℹ Tile 34: using 1 pre-computed SB DP cassette split(s).
ℹ Tile 35: using 1 pre-computed SB DP cassette split(s).
ℹ Tile 36: using 1 pre-computed SB DP cassette split(s).
ℹ Tile 37: using 1 pre-computed SB DP cassette split(s).
ℹ Tile 38: using 1 pre-computed SB DP cassette split(s).
ℹ Tile 39: using 1 pre-computed SB DP cassette split(s).
ℹ Tile 40: using 1 pre-computed SB DP cassette split(s).
ℹ Tile 41: using 1 pre-computed SB DP cassette split(s).
ℹ Tile 42: using 1 pre-computed SB DP cassette split(s).
ℹ Tile 43: using 1 pre-computed SB DP cassette split(s).
ℹ Tile 44: using 1 pre-computed SB DP cassette split(s).
ℹ Tile 45: using 1 pre-computed SB DP cassette split(s).
ℹ Tile 46: using 1 pre-computed SB DP cassette split(s).
ℹ Tile 47: using 1 pre-computed SB DP cassette split(s).
ℹ Tile 48: using 1 pre-computed SB DP cassette split(s).
ℹ Tile 49: using 1 pre-computed SB DP cassette split(s).
ℹ Tile 50: using 1 pre-computed SB DP cassette split(s).
ℹ Tile 51: using 1 pre-computed SB DP cassette split(s).
ℹ Tile 52: 3'WT block oversized (1988 > 1800 nt). Computing local split.
ℹ Deduplicated blocks: 430 -> 119 (311 duplicates removed)
✔ Helper plasmid insert designed: oh_L=ATGA, oh_R=AGAA (72 nt)
✔ All 119 gene blocks within synthesis limit. Range: 102-1795 nt.
✔ 119 gene blocks designed. [1.2s]
ℹ Recomputing reaction fidelity from actual block overhangs...
✔ Reaction fidelity recomputed. Min: 0.7581

── Step 10: Running QC checks ──

✖ 4 QC check(s) failed:
!   FAIL: Oligo GC content within reasonable range (25-75%) | GC range: 38.1-76.2% | 1025 oligo(s) with extreme GC
!   FAIL: Tile boundary overhangs have adequate fidelity | 51 tile(s) with low-fidelity boundary overhangs (<0.80)
!   FAIL: Per-reaction set-level overhang fidelity | Min set fidelity: 0.7581 across 112 reactions | 12 reaction(s) below 0.90
!   FAIL: All gene blocks above synthesis minimum length | 12 block(s) below 300 nt minimum. Range: 102-1795 nt
ℹ [PASS] All oligos within synthesis length limit — Range: 137-290 nt (limit: 300)
ℹ [PASS] All gene blocks within synthesis length limit — Range: 102-1795 nt (limit: 1800)
ℹ [PASS] No enzyme sites at barcode-context junctions — 0 barcode(s) with junction enzyme sites (left='CACACC', right='AGAATG')
ℹ [PASS] All barcodes are unique — 603540 unique / 603540 total
ℹ [PASS] Tiles cover entire gene without gaps — 9294 / 9294 nt covered
ℹ [PASS] Expected number of variants generated — 60354 unique variants (expected: 60354 across 2874/3096 mutable positions; 54606 missense + 2874 nonsense + 2874 wt_control; 222 position(s) skipped)
ℹ [PASS] Each non-control variant differs by exactly one codon from WT — 574800 / 574800 variants confirmed (WT controls excluded)
ℹ [FAIL] Oligo GC content within reasonable range (25-75%) — GC range: 38.1-76.2% | 1025 oligo(s) with extreme GC
ℹ [PASS] Gene domesticated for all 3 enzymes (BsaI, BsmBI, PaqCI) — No enzyme sites in gene
ℹ [FAIL] Tile boundary overhangs have adequate fidelity — 51 tile(s) with low-fidelity boundary overhangs (<0.80)
ℹ [PASS] Per-tile assembly manifests complete — 56 tile manifest(s) generated
ℹ [PASS] Helper plasmid free of unintended BsmBI sites — OK
ℹ [FAIL] Per-reaction set-level overhang fidelity — Min set fidelity: 0.7581 across 112 reactions | 12 reaction(s) below 0.90
ℹ [PASS] No barcodes contain PolIII terminator signal (TTTT) — 0 / 603540 barcode(s) contain TTTT
ℹ [FAIL] All gene blocks above synthesis minimum length — 12 block(s) below 300 nt minimum. Range: 102-1795 nt
ℹ [PASS] Cassette fragments within synthesis limits — 1 cassette fragment(s). Range: 398-398 nt. 0 over max, 0 under min.
ℹ [PASS] Superblock boundary overhangs are unique (no collisions) — 6 SB boundary OH(s), all unique
✔ QC: ISSUES FOUND [59.9s]

── Step 10b: In-silico GG assembly simulation ──

! Assembly simulation: 0/56 tiles passed (56 failures). [0.9s]
✖   Tile 1 variant A62P: NA
✖   Tile 2 variant T89W: NA
✖   Tile 3 variant R169N: NA
✖   Tile 4 variant L189I: NA
✖   Tile 5 variant A253Y: NA
✖   Tile 6 variant H319K: NA
✖   Tile 7 variant I370P: NA
✖   Tile 8 variant F433W: NA
✖   Tile 9 variant S499A: NA
✖   Tile 10 variant Q513V: NA
✖   Tile 11 variant Q556E: NA
✖   Tile 12 variant A635P: NA
✖   Tile 13 variant D671H: NA
✖   Tile 14 variant R712*: NA
✖   Tile 15 variant Q762T: NA
✖   Tile 16 variant L841Q: NA
✖   Tile 17 variant R870P: NA
✖   Tile 18 variant L975D: NA
✖   Tile 19 variant R1036T: NA
✖   Tile 20 variant L1088F: NA
✖   Tile 21 variant V1099D: NA
✖   Tile 22 variant R1130W: NA
✖   Tile 23 variant L1246A: NA
✖   Tile 24 variant A1290*: NA
✖   Tile 25 variant I1339N: NA
✖   Tile 26 variant Y1383S: NA
✖   Tile 27 variant I1429N: NA
✖   Tile 28 variant L1473H: NA
✖   Tile 29 variant T1539S: NA
✖   Tile 30 variant E1588P: NA
✖   Tile 31 variant S1645C: NA
✖   Tile 32 variant I1718H: NA
✖   Tile 33 variant T1778H: NA
✖   Tile 34 variant N1836A: NA
✖   Tile 35 variant L1894R: NA
✖   Tile 36 variant K1918H: NA
✖   Tile 37 variant M1999E: NA
✖   Tile 38 variant Y2058D: NA
✖   Tile 39 variant E2081=: NA
✖   Tile 40 variant V2148L: NA
✖   Tile 41 variant V2195A: NA
✖   Tile 42 variant C2222W: NA
✖   Tile 43 variant H2264K: NA
✖   Tile 44 variant G2307*: Ambiguous ligation: 2 fragments match oh_5 = 'ACAT'
✖   Tile 45 variant A2381K: NA
✖   Tile 46 variant K2481L: NA
✖   Tile 47 variant D2524Q: NA
✖   Tile 48 variant H2613=: NA
✖   Tile 49 variant K2647W: NA
✖   Tile 50 variant Y2659R: NA
✖   Tile 51 variant T2751H: NA
✖   Tile 52 variant D2793I: NA
✖   Tile 53 variant T2818S: NA
✖   Tile 54 variant R2893=: NA
✖   Tile 55 variant Y2983N: NA
✖   Tile 56 variant N3054=: NA

── Step 11: Writing outputs ──

✔ Wrote oligo pool: benchmarks/260310_full_pipeline/trio_oogga/TRIO_oligo_pool.csv (603540 oligos)
✔ Wrote gene block order: benchmarks/260310_full_pipeline/trio_oogga/TRIO_geneblock_order.csv (119 blocks)
✔ Wrote variant-barcode map: benchmarks/260310_full_pipeline/trio_oogga/TRIO_variant_barcode_map.csv (603540 variants)
✔ Wrote tile manifests: benchmarks/260310_full_pipeline/trio_oogga/TRIO_tile_manifests.csv
✔ Wrote helper plasmid: benchmarks/260310_full_pipeline/trio_oogga/TRIO_helper_plasmid.csv
✔ Wrote QC report: benchmarks/260310_full_pipeline/trio_oogga/TRIO_qc_report.csv
✔ Wrote oligo FASTA: benchmarks/260310_full_pipeline/trio_oogga/TRIO_oligo_pool.fasta
✔ Wrote gene block FASTA: benchmarks/260310_full_pipeline/trio_oogga/TRIO_geneblock_order.fasta
✔ Wrote sequences FASTA: benchmarks/260310_full_pipeline/trio_oogga/TRIO_sequences.fasta
✔ Wrote skipped variants: benchmarks/260310_full_pipeline/trio_oogga/TRIO_skipped_variants.csv (4662 variants)
✔ Outputs written. [27.9s]

── Step 12: Generating wetlab assembly report ──

✔ Wrote wetlab assembly report: benchmarks/260310_full_pipeline/trio_oogga/TRIO_assembly_report.md
✔ Report generated. [4.9s]

── Pipeline Complete ───────────────────────────────────────────────────────────
✔ Gene: TRIO
✔ Architecture: 3-enzyme (BsaI + BsmBI + PaqCI)
✔ Variants: 60354 (unique mutations), 4662 skipped (gene-edge overlap)
✔ Oligos: 603540 (10 barcodes/variant)
✔ Gene blocks: 119
✔ Tiles: 56
✔ Fixed overhangs: oh3=CACC, oh4=AGAA
✔ Intergene elements: WPRE + spacer + bGH_polyA (845 nt)
✔ Downstream cassette: 1095 nt (intergene + PolIII)
✔ Barcodes: mode=unified hierarchical, length=20, prefix=12, effective_hamming=3
✔ QC: ISSUES FOUND
✔ Wetlab report: benchmarks/260310_full_pipeline/trio_oogga/TRIO_assembly_report.md
✔ Output directory: benchmarks/260310_full_pipeline/trio_oogga

── Timing Breakdown ──

ℹ 1_config             0.1s
ℹ 2_gene_input         2.1s
ℹ 3_codon_usage        0s
ℹ 4_enzyme_scan        0.7s
ℹ 5_mutations          430.1s
ℹ 6_assembly_plan      154.5s
ℹ 7_barcodes           311.9s
ℹ 8_oligo_assembly     2s
ℹ 9_geneblocks         1.2s
ℹ 10_qc                59.9s
ℹ 10b_simulation       0.9s
ℹ 11_output            27.9s
ℹ 12_report            4.9s
✔ Total pipeline time: 997.1s
