
── DMS Golden Gate Oligo Pipeline (3-Enzyme Architecture) ──────────────────────
ℹ Config: configs/bench_trio_dp.yaml

── Step 1: Loading configuration ──

ℹ Intergene elements: WPRE + spacer + bGH_polyA (845 nt total)
✔ Configuration loaded and validated. [0.1s]

── Step 2: Reading gene ──

✔ Gene 'TRIO': 9294 nt, 3098 codons, 3097 aa [2s]

── Step 3: Loading codon usage table ──

✔ Codon usage table loaded: built-in CoCoPUTs (Homo sapiens, GRCh38.p13) [0s]

── Step 4: Scanning for enzyme sites (BsaI, BsmBI, PaqCI) ──

! Found 20 enzyme site(s) in gene that need domestication.
→ Applying domestication (with iterative BsaI/BsmBI resolution)...
ℹ Domesticated: BsaI site at nt 8995-9000 | codon 2999: GAG -> GAA (E, freq: 39.42 -> 33.87)
ℹ Domesticated: BsaI site at nt 8578-8583 | codon 2860: GAG -> GAA (E, freq: 39.42 -> 33.87)
ℹ Domesticated: BsaI site at nt 8098-8103 | codon 2700: GAG -> GAA (E, freq: 39.42 -> 33.87)
ℹ Domesticated: BsaI site at nt 7056-7061 | codon 2352: CTG -> CTT (L, freq: 36.06 -> 14.16)
ℹ Domesticated: BsaI site at nt 6739-6744 | codon 2247: GAG -> GAA (E, freq: 39.42 -> 33.87)
ℹ Domesticated: BsmBI site at nt 5482-5487 | codon 1828: GAG -> GAA (E, freq: 39.42 -> 33.87)
ℹ Domesticated: BsmBI site at nt 5214-5219 | codon 1738: TCC -> TCT (S, freq: 17.29 -> 16.92)
ℹ Domesticated: BsmBI site at nt 4931-4936 | codon 1644: ACG -> ACC (T, freq: 5.6 -> 17.76)
ℹ Domesticated: BsmBI site at nt 4886-4891 | codon 1629: GGA -> GGC (G, freq: 17.17 -> 19.75)
ℹ Domesticated: BsaI site at nt 4649-4654 | codon 1550: GGA -> GGC (G, freq: 17.17 -> 19.75)
ℹ Domesticated: BsaI site at nt 3926-3931 | codon 1309: AGA -> AGG (R, freq: 13.4 -> 12.19)
ℹ Domesticated: BsmBI site at nt 3393-3398 | codon 1131: AAG -> AAA (K, freq: 31.79 -> 27.77)
ℹ Domesticated: BsmBI site at nt 3154-3159 | codon 1052: GAG -> GAA (E, freq: 39.42 -> 33.87)
ℹ Domesticated: BsmBI site at nt 2978-2983 | codon 993: GCG -> GCC (A, freq: 5.96 -> 25.66)
ℹ Domesticated: PaqCI site at nt 2895-2901 | codon 965: CTG -> CTC (L, freq: 36.06 -> 17.82)
ℹ Domesticated: PaqCI site at nt 2731-2737 | codon 911: CAC -> CAT (H, freq: 14.63 -> 11.91)
ℹ Domesticated: BsmBI site at nt 2272-2277 | codon 758: GAG -> GAA (E, freq: 39.42 -> 33.87)
ℹ Domesticated: PaqCI site at nt 2163-2169 | codon 721: CTG -> CTC (L, freq: 36.06 -> 17.82)
ℹ Domesticated: PaqCI site at nt 1728-1734 | codon 576: CAG -> CAA (Q, freq: 35.3 -> 14.18)
ℹ Domesticated: BsaI site at nt 549-554 | codon 184: GTC -> GTG (V, freq: 13.44 -> 25.76)
✔ Gene domesticated for all 3 enzymes.
ℹ Step 4 completed. [0.7s]

── Step 5: Designing mutations ──

✔ Designed 65016 variants across 3096 mutable positions (codons 2-3097; skipped codon 1=Met and codon 3098=stop). [58824 missense + 3096 nonsense + 3096 WT controls]
ℹ Fixed 714 variant(s) that would have created enzyme sites.
There were 50 or more warnings (use warnings() to see the first 50)
✔ 65016 variants designed. [429.9s]

── Step 6: Planning assembly (boundary_method=dp) ──

ℹ Max mutable region: 234 nt (78 codons) | Fixed overhead: 64 nt

── Phase 1: Selecting fixed overhangs (oh_L, oh3, oh4) 
ℹ Derived oh3=CACC from PolIII promoter 3' end (fidelity=0.417)
✔ Fixed overhangs: oh3=CACC (non-HF), oh4=AGAA (non-HF)

── Phase 2: Searching tile boundaries 
ℹ Using DP optimizer
ℹ Precomputing boundary scores for 3097 candidate positions...
✔ Boundary scores precomputed in 5.4s.
ℹ DP boundary search: 3098 codons, 2514 valid candidate positions, K range [41, 46]
ℹ DP tile boundary search completed in 1.2s (6 K values).
ℹ Multi-K: K=41 score=34.4, K=42 score=44.7, K=43 score=47.9, K=44 score=50.2, K=45 score=52.2, K=46 score=54.0 | best K=46
✔ DP boundary search: 47 tiles, 46 boundaries (both_HF=2, one_HF=8, neither=36)
! SB boundary 2 (tile 17, oh2=GAAT): collision detected.
! SB boundary 3 (tile 26, oh2=GGAA): collision detected.
! SB boundary 4 (tile 34, oh2=GGAA): collision detected.
! SB boundary 5 (tile 42, oh2=GAAA): collision detected.
ℹ SB collision: blacklisting oh2=GAAT, GGAA, GAAA. Re-running DP...

── SB-aware refinement iteration 2 (blacklisted: AAAA, CCCC, GGGG, TTTT, GAAT, GGAA, GAAA) 
ℹ Precomputing boundary scores for 3097 candidate positions...
✔ Boundary scores precomputed in 5.6s.
ℹ DP boundary search: 3098 codons, 2423 valid candidate positions, K range [41, 46]
ℹ DP tile boundary search completed in 1.1s (6 K values).
ℹ Multi-K: K=41 score=33.9, K=42 score=42.4, K=43 score=46.3, K=44 score=49.0, K=45 score=50.7, K=46 score=52.5 | best K=46
✔ DP boundary search: 47 tiles, 46 boundaries (both_HF=0, one_HF=13, neither=33)
! SB boundary 1 (tile 9, oh2=GCAA): collision detected.
! SB boundary 3 (tile 26, oh2=TGAC): collision detected.
! SB boundary 4 (tile 34, oh2=TGAA): collision detected.
! SB boundary 5 (tile 42, oh2=TCAG): collision detected.
! SB boundary 6 (tile 43, oh2=TGAC): collision detected.
ℹ SB collision: blacklisting oh2=GCAA, TGAC, TGAA, TCAG. Re-running DP...

── SB-aware refinement iteration 3 (blacklisted: AAAA, CCCC, GGGG, TTTT, GAAT, GGAA, GAAA, GCAA, TGAC, TGAA, TCAG) 
ℹ Precomputing boundary scores for 3097 candidate positions...
✔ Boundary scores precomputed in 5.2s.
ℹ DP boundary search: 3098 codons, 2317 valid candidate positions, K range [41, 46]
ℹ DP tile boundary search completed in 1.1s (6 K values).
ℹ Multi-K: K=41 score=33.6, K=42 score=41.4, K=43 score=45.2, K=44 score=47.6, K=45 score=49.3, K=46 score=51.0 | best K=46
✔ DP boundary search: 47 tiles, 46 boundaries (both_HF=0, one_HF=9, neither=37)
! SB boundary 2 (tile 17, oh2=CCTT): collision detected.
! SB boundary 5 (tile 42, oh2=GGGC): collision detected.
ℹ SB collision: blacklisting oh2=CCTT, GGGC. Re-running DP...

── SB-aware refinement iteration 4 (blacklisted: AAAA, CCCC, GGGG, TTTT, GAAT, GGAA, GAAA, GCAA, TGAC, TGAA, TCAG, CCTT, GGGC) 
ℹ Precomputing boundary scores for 3097 candidate positions...
✔ Boundary scores precomputed in 5.5s.
ℹ DP boundary search: 3098 codons, 2264 valid candidate positions, K range [41, 46]
ℹ DP tile boundary search completed in 1s (6 K values).
ℹ Multi-K: K=41 score=33.6, K=42 score=41.1, K=43 score=44.8, K=44 score=47.2, K=45 score=49.1, K=46 score=50.9 | best K=46
✔ DP boundary search: 47 tiles, 46 boundaries (both_HF=0, one_HF=12, neither=34)
✔ SB collision resolved after 4 iteration(s).

── Phase 3: Superblock partitioning (constrained SB DP) 
ℹ Precomputing SB boundary scores for 10384 positions...
ℹ 580 valid SB boundary candidates out of 10384 positions.
ℹ SB boundary DP: 10384 bp, K range [5, 7]
ℹ SB boundary DP completed in 0.4s (3 K values).
ℹ SB multi-K: K=6 score=3.541, K=7 score=4.316 | best K=7
✔ SB boundary search: 8 superblocks, 7 boundaries, total score = 4.316
ℹ SB DP placed 1 cassette boundary(ies) at positions 130 (overhangs: TTCA)
ℹ SB collision: blacklisting gene: ATTT, AAAT, AGGA, ATCT. Re-running constrained SB DP...
ℹ SB collision avoidance iteration 2 (extra blacklist: ATTT, AAAT, AGGA, ATCT)
ℹ Precomputing SB boundary scores for 10384 positions...
ℹ 574 valid SB boundary candidates out of 10384 positions.
ℹ SB boundary DP: 10384 bp, K range [5, 7]
ℹ SB boundary DP completed in 0.3s (3 K values).
ℹ SB multi-K: K=6 score=3.371, K=7 score=4.003 | best K=7
✔ SB boundary search: 8 superblocks, 7 boundaries, total score = 4.003
ℹ SB DP placed 2 cassette boundary(ies) at positions 130, 442 (overhangs: TTCA, ATTC)
ℹ SB collision: blacklisting gene: TAGA. Re-running constrained SB DP...
ℹ SB collision avoidance iteration 3 (extra blacklist: ATTT, AAAT, AGGA, ATCT, TAGA)
ℹ Precomputing SB boundary scores for 10384 positions...
ℹ 572 valid SB boundary candidates out of 10384 positions.
ℹ SB boundary DP: 10384 bp, K range [5, 7]
ℹ SB boundary DP completed in 0.3s (3 K values).
ℹ SB multi-K: K=6 score=2.919, K=7 score=3.827 | best K=7
✔ SB boundary search: 8 superblocks, 7 boundaries, total score = 3.827
ℹ SB DP placed 1 cassette boundary(ies) at positions 130 (overhangs: TTCA)
✔ SB collision resolved after 3 iteration(s).
ℹ dp SB: 7 superblocks, 6 boundary(ies). 1 junction(s) in HF set. 270 per-tile split entries. 0 unresolved collision(s).

── Phase 4: Validating per-reaction overhang fidelity 
! 1 reaction(s) below set fidelity warning threshold (0.8). Min: 0.7829
! 42 variant(s) at gene edges have partial oh1/oh2 overlap. These mutations may not fully assemble as intended.
! Skipped 42 gene-edge variant(s) with partial oh1/oh2 overlap
✔ Assembly planned: 47 tiles, 0/46 boundaries both in HF set [32.5s]

── Step 7: Designing barcodes ──

ℹ Barcode mode: unified hierarchical, barcode_length=20, prefix_length=12
ℹ Junction context for barcode filtering: left='CACACC', right='AGAATG'
ℹ Unified hierarchical mode: generating barcodes (length=20, prefix=12, suffix=8, min_hamming=3, need 64974 variants x 10 barcodes = 649740)
→ Generating 64974 unique prefixes (hard Hamming >= 3)...
ℹ Building GF(4) Hamming code: Ham_4(3) = [21, 18, 3]_4, shortened to [12, 9, >=3]_4
ℹ Code capacity: 4^9 = 262,144 codewords
→ Enumerating all 262,144 codewords...
✔ Generated 262,144 prefix codewords (d >= 3 guaranteed by algebraic construction)
ℹ Removed 4237 prefixes with enzyme sites at junction boundaries.
✔ GF(4) linear code: 244106 prefixes after filtering (need 64974)
ℹ Generated 64974 unique prefixes (method=linear).
→ Generating barcodes (random suffixes per prefix)...
ℹ Batch suffix generation: 64974 variants x 500 candidates = 32,487,000 total
✔ Barcode generation: 649740 barcodes for 64974 variants in 366.5s.
✔ Skipping prefix distance validation (d >= 3 guaranteed by linear construction).
✔ Generated 649740 barcodes (mode=unified hierarchical, length=20, prefix_method=linear)
→ Computing per-barcode nearest-neighbor Hamming distances...
ℹ Using prefix-group optimization for NN computation (649740 barcodes, prefix_length=12)
✔ Nearest-neighbor distances: min=1, median=3, max=3
ℹ Step 7 completed. [378.4s]

── Step 8: Assembling oligos (universal 3-enzyme structure) ──

✔ All 649740 oligos within length limit. Range: 149-290 nt.
✔ 649740 oligos assembled. [2.1s]

── Step 9: Designing gene blocks and helper plasmid ──

ℹ Tile 1: using 1 pre-computed SB DP cassette split(s).
ℹ Tile 2: using 1 pre-computed SB DP cassette split(s).
ℹ Tile 3: using 1 pre-computed SB DP cassette split(s).
ℹ Tile 4: using 1 pre-computed SB DP cassette split(s).
ℹ Tile 5: using 1 pre-computed SB DP cassette split(s).
ℹ Tile 6: using 1 pre-computed SB DP cassette split(s).
ℹ Tile 7: using 1 pre-computed SB DP cassette split(s).
ℹ Tile 8: using 1 pre-computed SB DP cassette split(s).
ℹ Tile 9: using 1 pre-computed SB DP cassette split(s).
ℹ Tile 10: using 1 pre-computed SB DP cassette split(s).
ℹ Tile 11: using 1 pre-computed SB DP cassette split(s).
ℹ Tile 12: using 1 pre-computed SB DP cassette split(s).
ℹ Tile 13: using 1 pre-computed SB DP cassette split(s).
ℹ Tile 14: using 1 pre-computed SB DP cassette split(s).
ℹ Tile 15: using 1 pre-computed SB DP cassette split(s).
ℹ Tile 16: using 1 pre-computed SB DP cassette split(s).
ℹ Tile 17: using 1 pre-computed SB DP cassette split(s).
ℹ Tile 18: using 1 pre-computed SB DP cassette split(s).
ℹ Tile 19: using 1 pre-computed SB DP cassette split(s).
ℹ Tile 20: using 1 pre-computed SB DP cassette split(s).
ℹ Tile 21: using 1 pre-computed SB DP cassette split(s).
ℹ Tile 22: using 1 pre-computed SB DP cassette split(s).
ℹ Tile 23: using 1 pre-computed SB DP cassette split(s).
ℹ Tile 24: using 1 pre-computed SB DP cassette split(s).
ℹ Tile 25: using 1 pre-computed SB DP cassette split(s).
ℹ Tile 26: using 1 pre-computed SB DP cassette split(s).
ℹ Tile 27: using 1 pre-computed SB DP cassette split(s).
ℹ Tile 28: using 1 pre-computed SB DP cassette split(s).
ℹ Tile 29: using 1 pre-computed SB DP cassette split(s).
ℹ Tile 30: using 1 pre-computed SB DP cassette split(s).
ℹ Tile 31: using 1 pre-computed SB DP cassette split(s).
ℹ Tile 32: using 1 pre-computed SB DP cassette split(s).
ℹ Tile 33: using 1 pre-computed SB DP cassette split(s).
ℹ Tile 34: using 1 pre-computed SB DP cassette split(s).
ℹ Tile 35: using 1 pre-computed SB DP cassette split(s).
ℹ Tile 36: using 1 pre-computed SB DP cassette split(s).
ℹ Tile 37: using 1 pre-computed SB DP cassette split(s).
ℹ Tile 38: using 1 pre-computed SB DP cassette split(s).
ℹ Tile 39: 3'WT block oversized (2729 > 1800 nt). Computing local split.
ℹ Tile 40: 3'WT block oversized (2513 > 1800 nt). Computing local split.
ℹ Tile 41: 3'WT block oversized (2297 > 1800 nt). Computing local split.
ℹ Tile 42: 3'WT block oversized (2096 > 1800 nt). Computing local split.
ℹ Tile 43: 3'WT block oversized (1964 > 1800 nt). Computing local split.
ℹ Deduplicated blocks: 399 -> 103 (296 duplicates removed)
✔ Helper plasmid insert designed: oh_L=ATGA, oh_R=AGAA (72 nt)
✔ All 103 gene blocks within synthesis limit. Range: 177-1796 nt.
✔ 103 gene blocks designed. [1.3s]
ℹ Recomputing reaction fidelity from actual block overhangs...
✔ Reaction fidelity recomputed. Min: 0.7829

── Step 10: Running QC checks ──

✖ 4 QC check(s) failed:
!   FAIL: Oligo GC content within reasonable range (25-75%) | GC range: 38.3-75.5% | 27 oligo(s) with extreme GC
!   FAIL: Tile boundary overhangs have adequate fidelity | 44 tile(s) with low-fidelity boundary overhangs (<0.80)
!   FAIL: Per-reaction set-level overhang fidelity | Min set fidelity: 0.7829 across 94 reactions | 2 reaction(s) below 0.90
!   FAIL: All gene blocks above synthesis minimum length | 6 block(s) below 300 nt minimum. Range: 177-1796 nt
ℹ [PASS] All oligos within synthesis length limit — Range: 149-290 nt (limit: 300)
ℹ [PASS] All gene blocks within synthesis length limit — Range: 177-1796 nt (limit: 1800)
ℹ [PASS] No enzyme sites at barcode-context junctions — 0 barcode(s) with junction enzyme sites (left='CACACC', right='AGAATG')
ℹ [PASS] All barcodes are unique — 649740 unique / 649740 total
ℹ [PASS] Tiles cover entire gene without gaps — 9294 / 9294 nt covered
ℹ [PASS] Expected number of variants generated — 64974 unique variants (expected: 64974 across 3094/3096 mutable positions; 58786 missense + 3094 nonsense + 3094 wt_control; 2 position(s) skipped)
ℹ [PASS] Each non-control variant differs by exactly one codon from WT — 618800 / 618800 variants confirmed (WT controls excluded)
ℹ [FAIL] Oligo GC content within reasonable range (25-75%) — GC range: 38.3-75.5% | 27 oligo(s) with extreme GC
ℹ [PASS] Gene domesticated for all 3 enzymes (BsaI, BsmBI, PaqCI) — No enzyme sites in gene
ℹ [FAIL] Tile boundary overhangs have adequate fidelity — 44 tile(s) with low-fidelity boundary overhangs (<0.80)
ℹ [PASS] Per-tile assembly manifests complete — 47 tile manifest(s) generated
ℹ [PASS] Helper plasmid free of unintended BsmBI sites — OK
ℹ [FAIL] Per-reaction set-level overhang fidelity — Min set fidelity: 0.7829 across 94 reactions | 2 reaction(s) below 0.90
ℹ [PASS] No barcodes contain PolIII terminator signal (TTTT) — 0 / 649740 barcode(s) contain TTTT
ℹ [FAIL] All gene blocks above synthesis minimum length — 6 block(s) below 300 nt minimum. Range: 177-1796 nt
ℹ [PASS] Cassette fragments within synthesis limits — 1 cassette fragment(s). Range: 982-982 nt. 0 over max, 0 under min.
ℹ [PASS] Superblock boundary overhangs are unique (no collisions) — 7 SB boundary OH(s), all unique
✔ QC: ISSUES FOUND [67.8s]

── Step 10b: In-silico GG assembly simulation ──

✔ Assembly simulation: 47/47 tiles passed. [1s]

── Step 11: Writing outputs ──

✔ Wrote oligo pool: benchmarks/260310_full_pipeline/trio_dp/TRIO_oligo_pool.csv (649740 oligos)
✔ Wrote gene block order: benchmarks/260310_full_pipeline/trio_dp/TRIO_geneblock_order.csv (103 blocks)
✔ Wrote variant-barcode map: benchmarks/260310_full_pipeline/trio_dp/TRIO_variant_barcode_map.csv (649740 variants)
✔ Wrote tile manifests: benchmarks/260310_full_pipeline/trio_dp/TRIO_tile_manifests.csv
✔ Wrote helper plasmid: benchmarks/260310_full_pipeline/trio_dp/TRIO_helper_plasmid.csv
✔ Wrote QC report: benchmarks/260310_full_pipeline/trio_dp/TRIO_qc_report.csv
✔ Wrote oligo FASTA: benchmarks/260310_full_pipeline/trio_dp/TRIO_oligo_pool.fasta
✔ Wrote gene block FASTA: benchmarks/260310_full_pipeline/trio_dp/TRIO_geneblock_order.fasta
✔ Wrote sequences FASTA: benchmarks/260310_full_pipeline/trio_dp/TRIO_sequences.fasta
✔ Wrote skipped variants: benchmarks/260310_full_pipeline/trio_dp/TRIO_skipped_variants.csv (42 variants)
✔ Outputs written. [26.1s]

── Step 12: Generating wetlab assembly report ──

✔ Wrote wetlab assembly report: benchmarks/260310_full_pipeline/trio_dp/TRIO_assembly_report.md
✔ Report generated. [6.4s]

── Pipeline Complete ───────────────────────────────────────────────────────────
✔ Gene: TRIO
✔ Architecture: 3-enzyme (BsaI + BsmBI + PaqCI)
✔ Variants: 64974 (unique mutations), 42 skipped (gene-edge overlap)
✔ Oligos: 649740 (10 barcodes/variant)
✔ Gene blocks: 103
✔ Tiles: 47
✔ Fixed overhangs: oh3=CACC, oh4=AGAA
✔ Intergene elements: WPRE + spacer + bGH_polyA (845 nt)
✔ Downstream cassette: 1095 nt (intergene + PolIII)
✔ Barcodes: mode=unified hierarchical, length=20, prefix=12, effective_hamming=3
✔ QC: ISSUES FOUND
✔ Wetlab report: benchmarks/260310_full_pipeline/trio_dp/TRIO_assembly_report.md
✔ Output directory: benchmarks/260310_full_pipeline/trio_dp

── Timing Breakdown ──

ℹ 1_config             0.1s
ℹ 2_gene_input         2s
ℹ 3_codon_usage        0s
ℹ 4_enzyme_scan        0.7s
ℹ 5_mutations          429.9s
ℹ 6_assembly_plan      32.5s
ℹ 7_barcodes           378.4s
ℹ 8_oligo_assembly     2.1s
ℹ 9_geneblocks         1.3s
ℹ 10_qc                67.8s
ℹ 10b_simulation       1s
ℹ 11_output            26.1s
ℹ 12_report            6.4s
✔ Total pipeline time: 949.2s
