
── DMS Golden Gate Oligo Pipeline (3-Enzyme Architecture) ──────────────────────
ℹ Config: configs/bench_akap11_oogga.yaml

── Step 1: Loading configuration ──

ℹ Intergene elements: WPRE + spacer + bGH_polyA (845 nt total)
✔ Configuration loaded and validated. [0.1s]

── Step 2: Reading gene ──

✔ Gene 'AKAP11': 5706 nt, 1902 codons, 1901 aa [2s]

── Step 3: Loading codon usage table ──

✔ Codon usage table loaded: built-in CoCoPUTs (Homo sapiens, GRCh38.p13) [0s]

── Step 4: Scanning for enzyme sites (BsaI, BsmBI, PaqCI) ──

! Found 5 enzyme site(s) in gene that need domestication.
→ Applying domestication (with iterative BsaI/BsmBI resolution)...
ℹ Domesticated: BsaI site at nt 5603-5608 | codon 1868: GGA -> GGC (G, freq: 17.17 -> 19.75)
ℹ Domesticated: BsaI site at nt 4693-4698 | codon 1565: GAG -> GAA (E, freq: 39.42 -> 33.87)
ℹ Domesticated: BsaI site at nt 4350-4355 | codon 1450: GAG -> GAA (E, freq: 39.42 -> 33.87)
ℹ Domesticated: PaqCI site at nt 3398-3404 | codon 1133: GCA -> GCC (A, freq: 17.05 -> 25.66)
ℹ Domesticated: BsaI site at nt 499-504 | codon 167: GAG -> GAA (E, freq: 39.42 -> 33.87)
✔ Gene domesticated for all 3 enzymes.
ℹ Step 4 completed. [0.5s]

── Step 5: Designing mutations ──

✔ Designed 39900 variants across 1900 mutable positions (codons 2-1901; skipped codon 1=Met and codon 1902=stop). [36100 missense + 1900 nonsense + 1900 WT controls]
ℹ Fixed 222 variant(s) that would have created enzyme sites.
There were 50 or more warnings (use warnings() to see the first 50)
✔ 39900 variants designed. [239.1s]

── Step 6: Planning assembly (boundary_method=oogga_two_pass) ──

ℹ Max mutable region: 234 nt (78 codons) | Fixed overhead: 64 nt

── Phase 1: Selecting fixed overhangs (oh_L, oh3, oh4) 
ℹ Derived oh3=CACC from PolIII promoter 3' end (fidelity=0.417)
✔ Fixed overhangs: oh3=CACC (non-HF), oh4=AGAA (non-HF)

── Phase 2+3: OOGGA collision-aware boundary selection (oogga_two_pass) 
ℹ Pass 1: SB boundary search (OOGGA DP)
ℹ OOGGA SB DP: 2669 valid candidates, max_identity=2
ℹ OOGGA SB DP: K range [3, 5]
ℹ OOGGA SB DP completed in 17.8s.
✔ OOGGA SB DP: 5 superblocks, 4 collision-free boundary(ies). Score: 0.283
ℹ Pass 2: Per-segment tile search (OOGGA DP)
ℹ Per-segment tile search: 5 gene segment(s), 4 SB junction OH(s) added to alien set
ℹ   Segment 1/5: nt 1-795 (265 codons)
ℹ Precomputing boundary scores for 264 candidate positions...
✔ Boundary scores precomputed in 0s.
ℹ OOGGA tile DP: 265 codons, K range [1, 8], max_identity=2
ℹ OOGGA tile DP completed in 3.6s.
✔ OOGGA tile DP: 4 tiles, 3 collision-free boundaries. Total score: 0.002
ℹ   Segment 2/5: nt 796-2439 (548 codons)
ℹ Precomputing boundary scores for 547 candidate positions...
✔ Boundary scores precomputed in 0s.
ℹ OOGGA tile DP: 548 codons, K range [2, 12], max_identity=2
ℹ OOGGA tile DP completed in 10.5s.
! OOGGA tile DP infeasible at max_identity=2. Retrying with max_identity=3.
ℹ OOGGA tile DP succeeded at max_identity=3.
✔ OOGGA tile DP: 9 tiles, 8 collision-free boundaries. Total score: 0
ℹ   Segment 3/5: nt 2440-3939 (500 codons)
ℹ Precomputing boundary scores for 499 candidate positions...
✔ Boundary scores precomputed in 0s.
ℹ OOGGA tile DP: 500 codons, K range [1, 11], max_identity=2
ℹ OOGGA tile DP completed in 11.6s.
! OOGGA tile DP infeasible at max_identity=2. Retrying with max_identity=3.
ℹ OOGGA tile DP succeeded at max_identity=3.
✔ OOGGA tile DP: 9 tiles, 8 collision-free boundaries. Total score: 0
ℹ   Segment 4/5: nt 3940-5628 (563 codons)
ℹ Precomputing boundary scores for 562 candidate positions...
✔ Boundary scores precomputed in 0s.
ℹ OOGGA tile DP: 563 codons, K range [2, 12], max_identity=2
ℹ OOGGA tile DP completed in 11.5s.
! OOGGA tile DP infeasible at max_identity=2. Retrying with max_identity=3.
ℹ OOGGA tile DP succeeded at max_identity=3.
✔ OOGGA tile DP: 10 tiles, 9 collision-free boundaries. Total score: 0
ℹ   Segment 5/5: nt 5629-5706 (26 codons)
ℹ     Single-tile segment (no DP needed)
✔ Per-segment tile search: 33 tiles across 5 segment(s)
ℹ oogga_two_pass SB: 5 superblocks, 4 boundary(ies). 1 junction(s) in HF set. 128 per-tile split entries. 0 unresolved collision(s).

── Phase 4: Validating per-reaction overhang fidelity 
! 1 reaction(s) below set fidelity warning threshold (0.8). Min: 0.7533
! 2730 variant(s) at gene edges have partial oh1/oh2 overlap. These mutations may not fully assemble as intended.
! Skipped 2730 gene-edge variant(s) with partial oh1/oh2 overlap
✔ Assembly planned: 33 tiles, 1/32 boundaries both in HF set [102s]

── Step 7: Designing barcodes ──

ℹ Barcode mode: unified hierarchical, barcode_length=20, prefix_length=12
ℹ Junction context for barcode filtering: left='CACACC', right='AGAATG'
ℹ Unified hierarchical mode: generating barcodes (length=20, prefix=12, suffix=8, min_hamming=3, need 37170 variants x 10 barcodes = 371700)
→ Generating 37170 unique prefixes (hard Hamming >= 3)...
ℹ Building GF(4) Hamming code: Ham_4(3) = [21, 18, 3]_4, shortened to [12, 9, >=3]_4
ℹ Code capacity: 4^9 = 262,144 codewords
→ Enumerating all 262,144 codewords...
✔ Generated 262,144 prefix codewords (d >= 3 guaranteed by algebraic construction)
ℹ Removed 4237 prefixes with enzyme sites at junction boundaries.
✔ GF(4) linear code: 244106 prefixes after filtering (need 37170)
ℹ Generated 37170 unique prefixes (method=linear).
→ Generating barcodes (random suffixes per prefix)...
ℹ Batch suffix generation: 37170 variants x 500 candidates = 18,585,000 total
✔ Barcode generation: 371700 barcodes for 37170 variants in 261.3s.
✔ Skipping prefix distance validation (d >= 3 guaranteed by linear construction).
✔ Generated 371700 barcodes (mode=unified hierarchical, length=20, prefix_method=linear)
→ Computing per-barcode nearest-neighbor Hamming distances...
ℹ Using prefix-group optimization for NN computation (371700 barcodes, prefix_length=12)
✔ Nearest-neighbor distances: min=1, median=3, max=3
ℹ Step 7 completed. [271s]

── Step 8: Assembling oligos (universal 3-enzyme structure) ──

✔ All 371700 oligos within length limit. Range: 134-287 nt.
✔ 371700 oligos assembled. [1.3s]

── Step 9: Designing gene blocks and helper plasmid ──

ℹ Deduplicated blocks: 184 -> 68 (116 duplicates removed)
✔ Helper plasmid insert designed: oh_L=ATGG, oh_R=AGAA (72 nt)
✔ All 68 gene blocks within synthesis limit. Range: 162-1795 nt.
✔ 68 gene blocks designed. [1s]
ℹ Recomputing reaction fidelity from actual block overhangs...
✔ Reaction fidelity recomputed. Min: 0.7533

── Step 10: Running QC checks ──

✖ 3 QC check(s) failed:
!   FAIL: Tile boundary overhangs have adequate fidelity | 27 tile(s) with low-fidelity boundary overhangs (<0.80)
!   FAIL: Per-reaction set-level overhang fidelity | Min set fidelity: 0.7533 across 66 reactions | 5 reaction(s) below 0.90
!   FAIL: All gene blocks above synthesis minimum length | 5 block(s) below 300 nt minimum. Range: 162-1795 nt
ℹ [PASS] All oligos within synthesis length limit — Range: 134-287 nt (limit: 300)
ℹ [PASS] All gene blocks within synthesis length limit — Range: 162-1795 nt (limit: 1800)
ℹ [PASS] No enzyme sites at barcode-context junctions — 0 barcode(s) with junction enzyme sites (left='CACACC', right='AGAATG')
ℹ [PASS] All barcodes are unique — 371700 unique / 371700 total
ℹ [PASS] Tiles cover entire gene without gaps — 5706 / 5706 nt covered
ℹ [PASS] Expected number of variants generated — 37170 unique variants (expected: 37170 across 1770/1900 mutable positions; 33630 missense + 1770 nonsense + 1770 wt_control; 130 position(s) skipped)
ℹ [PASS] Each non-control variant differs by exactly one codon from WT — 354000 / 354000 variants confirmed (WT controls excluded)
ℹ [PASS] Oligo GC content within reasonable range (25-75%) — GC range: 30.9-53.6% | 0 oligo(s) with extreme GC
ℹ [PASS] Gene domesticated for all 3 enzymes (BsaI, BsmBI, PaqCI) — No enzyme sites in gene
ℹ [FAIL] Tile boundary overhangs have adequate fidelity — 27 tile(s) with low-fidelity boundary overhangs (<0.80)
ℹ [PASS] Per-tile assembly manifests complete — 33 tile manifest(s) generated
ℹ [PASS] Helper plasmid free of unintended BsmBI sites — OK
ℹ [FAIL] Per-reaction set-level overhang fidelity — Min set fidelity: 0.7533 across 66 reactions | 5 reaction(s) below 0.90
ℹ [PASS] No barcodes contain PolIII terminator signal (TTTT) — 0 / 371700 barcode(s) contain TTTT
ℹ [FAIL] All gene blocks above synthesis minimum length — 5 block(s) below 300 nt minimum. Range: 162-1795 nt
ℹ [PASS] Superblock boundary overhangs are unique (no collisions) — 4 SB boundary OH(s), all unique
✔ QC: ISSUES FOUND [44s]

── Step 10b: In-silico GG assembly simulation ──

! Assembly simulation: 0/33 tiles passed (33 failures). [0.5s]
✖   Tile 1 variant L31D: NA
✖   Tile 2 variant V77T: NA
✖   Tile 3 variant R135I: NA
✖   Tile 4 variant H193F: NA
✖   Tile 5 variant P314R: NA
✖   Tile 6 variant P339S: NA
✖   Tile 7 variant P415D: NA
✖   Tile 8 variant C461K: NA
✖   Tile 9 variant S575I: NA
✖   Tile 10 variant R645D: NA
✖   Tile 11 variant Q707F: NA
✖   Tile 12 variant I751W: NA
✖   Tile 13 variant H793N: NA
✖   Tile 14 variant A817Q: NA
✖   Tile 15 variant K944R: NA
✖   Tile 16 variant D952E: NA
✖   Tile 17 variant H1068C: NA
✖   Tile 18 variant D1093=: NA
✖   Tile 19 variant D1116L: NA
✖   Tile 20 variant T1156Y: NA
✖   Tile 21 variant Q1238P: NA
✖   Tile 22 variant M1281F: NA
✖   Tile 23 variant K1354T: NA
✖   Tile 24 variant S1375=: NA
✖   Tile 25 variant K1423S: NA
✖   Tile 26 variant V1462H: NA
✖   Tile 27 variant T1551H: NA
✖   Tile 28 variant S1558F: NA
✖   Tile 29 variant I1640D: NA
✖   Tile 30 variant A1695*: NA
✖   Tile 31 variant E1801R: NA
✖   Tile 32 variant Y1844P: NA
✖   Tile 33 variant E1882T: NA

── Step 11: Writing outputs ──

✔ Wrote oligo pool: benchmarks/260310_full_pipeline/akap11_oogga/AKAP11_oligo_pool.csv (371700 oligos)
✔ Wrote gene block order: benchmarks/260310_full_pipeline/akap11_oogga/AKAP11_geneblock_order.csv (68 blocks)
✔ Wrote variant-barcode map: benchmarks/260310_full_pipeline/akap11_oogga/AKAP11_variant_barcode_map.csv (371700 variants)
✔ Wrote tile manifests: benchmarks/260310_full_pipeline/akap11_oogga/AKAP11_tile_manifests.csv
✔ Wrote helper plasmid: benchmarks/260310_full_pipeline/akap11_oogga/AKAP11_helper_plasmid.csv
✔ Wrote QC report: benchmarks/260310_full_pipeline/akap11_oogga/AKAP11_qc_report.csv
✔ Wrote oligo FASTA: benchmarks/260310_full_pipeline/akap11_oogga/AKAP11_oligo_pool.fasta
✔ Wrote gene block FASTA: benchmarks/260310_full_pipeline/akap11_oogga/AKAP11_geneblock_order.fasta
✔ Wrote sequences FASTA: benchmarks/260310_full_pipeline/akap11_oogga/AKAP11_sequences.fasta
✔ Wrote skipped variants: benchmarks/260310_full_pipeline/akap11_oogga/AKAP11_skipped_variants.csv (2730 variants)
✔ Outputs written. [13.3s]

── Step 12: Generating wetlab assembly report ──

✔ Wrote wetlab assembly report: benchmarks/260310_full_pipeline/akap11_oogga/AKAP11_assembly_report.md
✔ Report generated. [3.6s]

── Pipeline Complete ───────────────────────────────────────────────────────────
✔ Gene: AKAP11
✔ Architecture: 3-enzyme (BsaI + BsmBI + PaqCI)
✔ Variants: 37170 (unique mutations), 2730 skipped (gene-edge overlap)
✔ Oligos: 371700 (10 barcodes/variant)
✔ Gene blocks: 68
✔ Tiles: 33
✔ Fixed overhangs: oh3=CACC, oh4=AGAA
✔ Intergene elements: WPRE + spacer + bGH_polyA (845 nt)
✔ Downstream cassette: 1095 nt (intergene + PolIII)
✔ Barcodes: mode=unified hierarchical, length=20, prefix=12, effective_hamming=3
✔ QC: ISSUES FOUND
✔ Wetlab report: benchmarks/260310_full_pipeline/akap11_oogga/AKAP11_assembly_report.md
✔ Output directory: benchmarks/260310_full_pipeline/akap11_oogga

── Timing Breakdown ──

ℹ 1_config             0.1s
ℹ 2_gene_input         2s
ℹ 3_codon_usage        0s
ℹ 4_enzyme_scan        0.5s
ℹ 5_mutations          239.1s
ℹ 6_assembly_plan      102s
ℹ 7_barcodes           271s
ℹ 8_oligo_assembly     1.3s
ℹ 9_geneblocks         1s
ℹ 10_qc                44s
ℹ 10b_simulation       0.5s
ℹ 11_output            13.3s
ℹ 12_report            3.6s
✔ Total pipeline time: 679.1s
