
── DMS Golden Gate Oligo Pipeline (3-Enzyme Architecture) ──────────────────────
ℹ Config: configs/grin2a.yaml

── Step 1: Loading configuration ──

ℹ Intergene elements: WPRE + spacer + bGH_polyA (845 nt total)
✔ Configuration loaded and validated. [0.1s]

── Step 2: Reading gene ──

✔ Gene 'GRIN2A': 4395 nt, 1465 codons, 1464 aa [1.6s]

── Step 3: Loading codon usage table ──

✔ Codon usage table loaded: built-in CoCoPUTs (Homo sapiens, GRCh38.p13) [0s]

── Step 4: Scanning for enzyme sites (BsaI, BsmBI, PaqCI) ──

! Found 6 enzyme site(s) in gene that need domestication.
→ Applying domestication (with iterative BsaI/BsmBI resolution)...
ℹ Domesticated: BsaI site at nt 3604-3609 | codon 1202: GAG -> GAA (E, freq: 39.42 -> 33.87)
ℹ Domesticated: BsaI site at nt 2374-2379 | codon 792: GAG -> GAA (E, freq: 39.42 -> 33.87)
ℹ Domesticated: BsaI site at nt 2013-2018 | codon 671: CAG -> CAA (Q, freq: 35.3 -> 14.18)
ℹ Domesticated: BsmBI site at nt 1629-1634 | codon 543: ACC -> ACA (T, freq: 17.76 -> 16.56)
ℹ Domesticated: BsmBI site at nt 1279-1284 | codon 427: GAG -> GAA (E, freq: 39.42 -> 33.87)
ℹ Domesticated: BsaI site at nt 780-785 | codon 260: TTG -> CTT (L, freq: 13.47 -> 14.16)
✔ Gene domesticated for all 3 enzymes.
ℹ Step 4 completed. [0.3s]

── Step 5: Designing mutations ──

✔ Designed 30723 variants across 1463 mutable positions (codons 2-1464; skipped codon 1=Met and codon 1465=stop). [27797 missense + 1463 nonsense + 1463 WT controls]
ℹ Fixed 343 variant(s) that would have created enzyme sites.
There were 47 warnings (use warnings() to see them)
✔ 30723 variants designed. [116.1s]

── Step 6: Planning assembly (boundary_method=oogga_two_pass) ──

ℹ Max mutable region: 234 nt (78 codons) | Fixed overhead: 64 nt

── Phase 1: Selecting fixed overhangs (oh_L, oh3, oh4) 
ℹ Derived oh3=CACC from PolIII promoter 3' end (fidelity=0.417)
✔ Fixed overhangs: oh3=CACC (non-HF), oh4=AGAA (non-HF)

── Phase 2+3: OOGGA collision-aware boundary selection (oogga_two_pass) 
ℹ Pass 1: SB boundary search (OOGGA DP)
ℹ OOGGA SB DP: 1174 valid candidates, max_identity=2
ℹ OOGGA SB DP: K range [3, 5]
ℹ OOGGA SB DP completed in 19.6s.
✔ OOGGA SB DP: 4 superblocks, 3 collision-free boundary(ies). Score: 0.048
ℹ Pass 2: Per-segment tile search (OOGGA DP, enzyme-aware aliens)
ℹ Per-segment tile search: 4 gene segment(s), enzyme-aware alien sets (BsaI/BsmBI pots separated)
ℹ   Segment 1/4: nt 1-813 (271 codons, SB 1)
ℹ     oh1 aliens (BsaI pot): 4, oh2 aliens (BsmBI pot): 14
ℹ Precomputing boundary scores for 276 candidate positions...
✔ Boundary scores precomputed in 0s.
ℹ OOGGA tile DP: 271 codons, K range [1, 8], max_identity=2
ℹ OOGGA tile DP completed in 3.1s.
✔ OOGGA tile DP: 5 tiles, 4 collision-free boundaries. Geo-mean score: 0.2726 (raw product: 5.53e-03)
ℹ   Segment 2/4: nt 814-2109 (432 codons, SB 2)
ℹ     oh1 aliens (BsaI pot): 8, oh2 aliens (BsmBI pot): 10
ℹ Precomputing boundary scores for 437 candidate positions...
✔ Boundary scores precomputed in 0s.
ℹ OOGGA tile DP: 432 codons, K range [1, 10], max_identity=2
ℹ OOGGA tile DP completed in 6.3s.
✔ OOGGA tile DP: 7 tiles, 6 collision-free boundaries. Geo-mean score: 0.2774 (raw product: 4.55e-04)
ℹ   Segment 3/4: nt 2110-3816 (569 codons, SB 3)
ℹ     oh1 aliens (BsaI pot): 12, oh2 aliens (BsmBI pot): 6
ℹ Precomputing boundary scores for 574 candidate positions...
✔ Boundary scores precomputed in 0s.
ℹ OOGGA tile DP: 569 codons, K range [2, 12], max_identity=2
ℹ OOGGA tile DP completed in 8.8s.
✔ OOGGA tile DP: 10 tiles, 9 collision-free boundaries. Geo-mean score: 0.3349 (raw product: 5.29e-05)
ℹ   Segment 4/4: nt 3817-4395 (193 codons, SB 4)
ℹ     oh1 aliens (BsaI pot): 16, oh2 aliens (BsmBI pot): 2
ℹ Precomputing boundary scores for 192 candidate positions...
✔ Boundary scores precomputed in 0s.
ℹ OOGGA tile DP: 193 codons, K range [1, 6], max_identity=2
ℹ OOGGA tile DP completed in 1.5s.
✔ OOGGA tile DP: 3 tiles, 2 collision-free boundaries. Geo-mean score: 0.1929 (raw product: 3.72e-02)
✔ Per-segment tile search: 25 tiles across 4 segment(s)
ℹ oogga_two_pass SB: 4 superblocks, 3 boundary(ies). 0 junction(s) in HF set. 69 per-tile split entries. 0 unresolved collision(s).

── Phase 4: Validating per-reaction overhang fidelity 
✔ All 50 reactions above set fidelity threshold. Min: 0.9733
! 210 variant(s) at gene edges have partial oh1/oh2 overlap. These mutations may not fully assemble as intended.
! Skipped 210 gene-edge variant(s) with partial oh1/oh2 overlap
✔ Assembly planned: 25 tiles, 0/24 boundaries both in HF set [41.4s]

── Step 7: Designing barcodes ──

ℹ Barcode mode: unified hierarchical, barcode_length=20, prefix_length=12
ℹ Junction context for barcode filtering: left='CACACC', right='AGAATG'
ℹ Unified hierarchical mode: generating barcodes (length=20, prefix=12, suffix=8, min_hamming=3, need 30513 variants x 10 barcodes = 305130)
→ Generating 30513 unique prefixes (hard Hamming >= 3)...
ℹ Building GF(4) Hamming code: Ham_4(3) = [21, 18, 3]_4, shortened to [12, 9, >=3]_4
ℹ Code capacity: 4^9 = 262,144 codewords
→ Enumerating all 262,144 codewords...
✔ Generated 262,144 prefix codewords (d >= 3 guaranteed by algebraic construction)
ℹ Removed 4237 prefixes with enzyme sites at junction boundaries.
✔ GF(4) linear code: 244106 prefixes after filtering (need 30513)
ℹ Generated 30513 unique prefixes (method=linear).
→ Generating barcodes (random suffixes per prefix)...
ℹ Batch suffix generation: 30513 variants x 500 candidates = 15,256,500 total
✔ Barcode generation: 305130 barcodes for 30513 variants in 141.7s.
✔ Skipping prefix distance validation (d >= 3 guaranteed by linear construction).
✔ Generated 305130 barcodes (mode=unified hierarchical, length=20, prefix_method=linear)
→ Computing per-barcode nearest-neighbor Hamming distances...
ℹ Using prefix-group optimization for NN computation (305130 barcodes, prefix_length=12)
✔ Nearest-neighbor distances: min=1, median=3, max=3
ℹ Step 7 completed. [151.7s]

── Step 8: Assembling oligos (universal 3-enzyme structure) ──

✔ All 305130 oligos within length limit. Range: 152-290 nt.
✔ 305130 oligos assembled. [0.9s]

── Step 9: Designing gene blocks and helper plasmid ──

ℹ Deduplicated blocks: 114 -> 52 (62 duplicates removed)
✔ Helper plasmid insert designed: oh_L=ATGG, oh_R=AGAA (72 nt)
✔ All 52 gene blocks within synthesis limit. Range: 213-1769 nt.
✔ 52 gene blocks designed. [1.1s]
ℹ Recomputing reaction fidelity from actual block overhangs...
✔ Reaction fidelity recomputed. Min: 0.9553

── Step 10: Running QC checks ──

✖ 2 QC check(s) failed:
!   FAIL: Tile boundary overhangs have adequate fidelity | 22 tile(s) with low-fidelity boundary overhangs (<0.80)
!   FAIL: All gene blocks above synthesis minimum length | 3 block(s) below 300 nt minimum. Range: 213-1769 nt
ℹ [PASS] All oligos within synthesis length limit — Range: 152-290 nt (limit: 300)
ℹ [PASS] All gene blocks within synthesis length limit — Range: 213-1769 nt (limit: 1800)
ℹ [PASS] No enzyme sites at barcode-context junctions — 0 barcode(s) with junction enzyme sites (left='CACACC', right='AGAATG')
ℹ [PASS] All barcodes are unique — 305130 unique / 305130 total
ℹ [PASS] Tiles cover entire gene without gaps — 4395 / 4395 nt covered
ℹ [PASS] Expected number of variants generated — 30513 unique variants (expected: 30513 across 1453/1463 mutable positions; 27607 missense + 1453 nonsense + 1453 wt_control; 10 position(s) skipped)
ℹ [PASS] Each non-control variant differs by exactly one codon from WT — 290600 / 290600 variants confirmed (WT controls excluded)
ℹ [PASS] Oligo GC content within reasonable range (25-75%) — GC range: 41.5-67.2% | 0 oligo(s) with extreme GC
ℹ [PASS] Gene domesticated for all 3 enzymes (BsaI, BsmBI, PaqCI) — No enzyme sites in gene
ℹ [FAIL] Tile boundary overhangs have adequate fidelity — 22 tile(s) with low-fidelity boundary overhangs (<0.80)
ℹ [PASS] Per-tile assembly manifests complete — 25 tile manifest(s) generated
ℹ [PASS] Helper plasmid free of unintended BsmBI sites — OK
ℹ [PASS] Per-reaction set-level overhang fidelity — Min set fidelity: 0.9553 across 50 reactions | 0 reaction(s) below 0.90
ℹ [PASS] No barcodes contain PolIII terminator signal (TTTT) — 0 / 305130 barcode(s) contain TTTT
ℹ [FAIL] All gene blocks above synthesis minimum length — 3 block(s) below 300 nt minimum. Range: 213-1769 nt
ℹ [PASS] Superblock boundary overhangs are unique (no collisions) — 6 SB boundary OH(s), all unique
✔ QC: ISSUES FOUND [27s]

── Step 10b: In-silico GG assembly simulation ──

✔ Assembly simulation: 25/25 tiles passed. [0.8s]

── Step 11: Writing outputs ──

✔ Wrote oligo pool: output/grin2a/GRIN2A_oligo_pool.csv (305130 oligos)
✔ Wrote gene block order: output/grin2a/GRIN2A_geneblock_order.csv (52 blocks)
✔ Wrote variant-barcode map: output/grin2a/GRIN2A_variant_barcode_map.csv (305130 variants)
✔ Wrote tile manifests: output/grin2a/GRIN2A_tile_manifests.csv
✔ Wrote helper plasmid: output/grin2a/GRIN2A_helper_plasmid.csv
✔ Wrote QC report: output/grin2a/GRIN2A_qc_report.csv
✔ Wrote oligo FASTA: output/grin2a/GRIN2A_oligo_pool.fasta
✔ Wrote gene block FASTA: output/grin2a/GRIN2A_geneblock_order.fasta
✔ Wrote sequences FASTA: output/grin2a/GRIN2A_sequences.fasta
✔ Wrote skipped variants: output/grin2a/GRIN2A_skipped_variants.csv (210 variants)
✔ Outputs written. [20.9s]

── Step 12: Generating wetlab assembly report ──

✔ Wrote wetlab assembly report: output/grin2a/GRIN2A_assembly_report.md
✔ Report generated. [1.7s]

── Pipeline Complete ───────────────────────────────────────────────────────────
✔ Gene: GRIN2A
✔ Architecture: 3-enzyme (BsaI + BsmBI + PaqCI)
✔ Variants: 30513 (unique mutations), 210 skipped (gene-edge overlap)
✔ Oligos: 305130 (10 barcodes/variant)
✔ Gene blocks: 52
✔ Tiles: 25
✔ Fixed overhangs: oh3=CACC, oh4=AGAA
✔ Intergene elements: WPRE + spacer + bGH_polyA (845 nt)
✔ Downstream cassette: 1095 nt (intergene + PolIII)
✔ Barcodes: mode=unified hierarchical, length=20, prefix=12, effective_hamming=3
✔ QC: ISSUES FOUND
✔ Wetlab report: output/grin2a/GRIN2A_assembly_report.md
✔ Output directory: output/grin2a

── Timing Breakdown ──

ℹ 1_config             0.1s
ℹ 2_gene_input         1.6s
ℹ 3_codon_usage        0s
ℹ 4_enzyme_scan        0.3s
ℹ 5_mutations          116.1s
ℹ 6_assembly_plan      41.4s
ℹ 7_barcodes           151.7s
ℹ 8_oligo_assembly     0.9s
ℹ 9_geneblocks         1.1s
ℹ 10_qc                27s
ℹ 10b_simulation       0.8s
ℹ 11_output            20.9s
ℹ 12_report            1.7s
✔ Total pipeline time: 364s
